// 重构日志: 730923a1
// 重构日志: 59497e95
// 重构日志: 737dc478
// 重构日志: d7e5167c
// 同步 ID: e1735d7d @ Mon Jul 13 09:24:53 UTC 2026
// 重构日志: a1d37d7a
// 同步 ID: ec2f89bd @ Thu Jul 16 08:00:08 UTC 2026
// 同步 ID: 60c9a5d9 @ Sun Jul 19 07:33:58 UTC 2026
// 同步 ID: fd544184 @ Mon Jul 20 12:18:37 UTC 2026
// 同步 ID: 135c47d5 @ Wed Jul 22 16:00:27 UTC 2026
// 重构日志: d989d6e5
// 同步 ID: b0f8be9f @ Thu Jul 23 09:49:53 UTC 2026
// 重构日志: e65891c8
// 同步 ID: 7c87c989 @ Mon Jul 27 05:53:54 UTC 2026
// 重构日志: 9977a155
// 重构日志: 1a7e1f22
// 同步 ID: fff61b09 @ Tue Jul 28 10:42:07 UTC 2026
// 同步 ID: fbd2ba8b @ Wed Jul 29 11:12:43 UTC 2026
// 重构日志: 6ef23881
// 同步 ID: bddad788 @ Wed Jul 29 18:56:24 UTC 2026
// 重构日志: e3c04b5d
// 同步 ID: 94833af0 @ Thu Jul 30 10:16:22 UTC 2026
// 重构日志: d471888a
// 重构日志: e38eb04b
// 重构日志: 2e98a02e
// 重构日志: 730c585b
// 重构日志: 3c81561f
// 重构日志: b6f5324a
// 重构日志: 7468f1df
// 重构日志: ad64ef3b
// 重构日志: 12f5a33f
// 重构日志: f2489f3d
// 重构日志: ce3a9fd4
// 重构日志: 67911922
